<html>
<body>
<pre>
<h1>µVision Build Log</h1>
<h2>Tool Versions:</h2>
IDE-Version: ¦ÌVision V5.21.1.0
Copyright (C) 2016 ARM Ltd and ARM Germany GmbH. All rights reserved.
License Information: Kuan Shaw, roomhi, LIC=TA3VE-5EK9B-C0HN2-9HVIR-I2FWP-KULZD
 
Tool Versions:
Toolchain:       MDK-ARM Professional  Version: 5.21a
Toolchain Path:  C:\Keil_v5\ARM\ARMCC\Bin
C Compiler:      Armcc.exe V5.06 update 3 (build 300)
Assembler:       Armasm.exe V5.06 update 3 (build 300)
Linker/Locator:  ArmLink.exe V5.06 update 3 (build 300)
Library Manager: ArmAr.exe V5.06 update 3 (build 300)
Hex Converter:   FromElf.exe V5.06 update 3 (build 300)
CPU DLL:         SARMCM3.DLL V5.21a
Dialog DLL:      DCM.DLL V1.13.8.0
Target DLL:      Segger\JL2CM3.dll V2.99.23.0
Dialog DLL:      TCM.DLL V1.14.14.0
 
<h2>Project:</h2>
D:\Weiyun\Archive - wireless_motor - honghui\01 Code\wireless_motor_2019.4.20_v3.2\wireless_motor\wireless_motor\MDK-ARM\wireless_motor.uvprojx
Project File Date:  04/14/2019

<h2>Output:</h2>
*** Using Compiler 'V5.06 update 3 (build 300)', folder: 'C:\Keil_v5\ARM\ARMCC\Bin'
Build target 'wireless_motor Configuration'
compiling main.c...
..\Src\wifi.h(44): warning:  #1295-D: Deprecated declaration wifi_led_on - give arg types
  void wifi_led_on();
..\Src\wifi.h(45): warning:  #1295-D: Deprecated declaration wifi_led_off - give arg types
  void wifi_led_off();
..\Src\wifi.h(46): warning:  #1295-D: Deprecated declaration wifi_led_flashing - give arg types
  void wifi_led_flashing();
..\Src\wifi.h(47): warning:  #1295-D: Deprecated declaration wifi_led_flashing_slow - give arg types
  void wifi_led_flashing_slow();
..\Src\wifi.h(48): warning:  #1295-D: Deprecated declaration wifi_led_flashing_fast - give arg types
  void wifi_led_flashing_fast();
..\Src\motor_control.h(81): warning:  #1295-D: Deprecated declaration motor_stop - give arg types
  void motor_stop();
..\Src\motor_control.h(82): warning:  #1295-D: Deprecated declaration motor_pulse_run_fore - give arg types
  void motor_pulse_run_fore();
..\Src\motor_control.h(83): warning:  #1295-D: Deprecated declaration motor_pulse_run_back - give arg types
  void motor_pulse_run_back();
..\Src\motor_control.h(87): warning:  #1295-D: Deprecated declaration motor_speed_up - give arg types
  void motor_speed_up();
..\Src\motor_control.h(88): warning:  #1295-D: Deprecated declaration motor_speed_down - give arg types
  void motor_speed_down();
..\Src\motor_control.h(89): warning:  #1295-D: Deprecated declaration motor_change_dir - give arg types
  void motor_change_dir();
..\Src\motor_control.h(90): warning:  #1295-D: Deprecated declaration motor_init - give arg types
  void motor_init();
..\Src\motor_control.h(91): warning:  #1295-D: Deprecated declaration motor_step_counter_reset - give arg types
  void motor_step_counter_reset();
..\Src\motor_control.h(92): warning:  #1295-D: Deprecated declaration motor_update - give arg types
  void motor_update();
..\Src\motor_control.h(94): warning:  #1295-D: Deprecated declaration motor_led_flashing - give arg types
  void motor_led_flashing();
..\Src\motor_control.h(95): warning:  #1295-D: Deprecated declaration motor_led_on - give arg types
  void motor_led_on();
..\Src\motor_control.h(96): warning:  #1295-D: Deprecated declaration motor_led_off - give arg types
  void motor_led_off();
..\Src\motor_control.h(99): warning:  #1295-D: Deprecated declaration sys_led_flashing - give arg types
  void sys_led_flashing();
..\Src\main.c: 18 warnings, 0 errors
compiling stm32f1xx_it.c...
..\Src\motor_control.h(81): warning:  #1295-D: Deprecated declaration motor_stop - give arg types
  void motor_stop();
..\Src\motor_control.h(82): warning:  #1295-D: Deprecated declaration motor_pulse_run_fore - give arg types
  void motor_pulse_run_fore();
..\Src\motor_control.h(83): warning:  #1295-D: Deprecated declaration motor_pulse_run_back - give arg types
  void motor_pulse_run_back();
..\Src\motor_control.h(87): warning:  #1295-D: Deprecated declaration motor_speed_up - give arg types
  void motor_speed_up();
..\Src\motor_control.h(88): warning:  #1295-D: Deprecated declaration motor_speed_down - give arg types
  void motor_speed_down();
..\Src\motor_control.h(89): warning:  #1295-D: Deprecated declaration motor_change_dir - give arg types
  void motor_change_dir();
..\Src\motor_control.h(90): warning:  #1295-D: Deprecated declaration motor_init - give arg types
  void motor_init();
..\Src\motor_control.h(91): warning:  #1295-D: Deprecated declaration motor_step_counter_reset - give arg types
  void motor_step_counter_reset();
..\Src\motor_control.h(92): warning:  #1295-D: Deprecated declaration motor_update - give arg types
  void motor_update();
..\Src\motor_control.h(94): warning:  #1295-D: Deprecated declaration motor_led_flashing - give arg types
  void motor_led_flashing();
..\Src\motor_control.h(95): warning:  #1295-D: Deprecated declaration motor_led_on - give arg types
  void motor_led_on();
..\Src\motor_control.h(96): warning:  #1295-D: Deprecated declaration motor_led_off - give arg types
  void motor_led_off();
..\Src\motor_control.h(99): warning:  #1295-D: Deprecated declaration sys_led_flashing - give arg types
  void sys_led_flashing();
..\Src\stm32f1xx_it.c: 13 warnings, 0 errors
compiling tim.c...
..\Src\motor_control.h(81): warning:  #1295-D: Deprecated declaration motor_stop - give arg types
  void motor_stop();
..\Src\motor_control.h(82): warning:  #1295-D: Deprecated declaration motor_pulse_run_fore - give arg types
  void motor_pulse_run_fore();
..\Src\motor_control.h(83): warning:  #1295-D: Deprecated declaration motor_pulse_run_back - give arg types
  void motor_pulse_run_back();
..\Src\motor_control.h(87): warning:  #1295-D: Deprecated declaration motor_speed_up - give arg types
  void motor_speed_up();
..\Src\motor_control.h(88): warning:  #1295-D: Deprecated declaration motor_speed_down - give arg types
  void motor_speed_down();
..\Src\motor_control.h(89): warning:  #1295-D: Deprecated declaration motor_change_dir - give arg types
  void motor_change_dir();
..\Src\motor_control.h(90): warning:  #1295-D: Deprecated declaration motor_init - give arg types
  void motor_init();
..\Src\motor_control.h(91): warning:  #1295-D: Deprecated declaration motor_step_counter_reset - give arg types
  void motor_step_counter_reset();
..\Src\motor_control.h(92): warning:  #1295-D: Deprecated declaration motor_update - give arg types
  void motor_update();
..\Src\motor_control.h(94): warning:  #1295-D: Deprecated declaration motor_led_flashing - give arg types
  void motor_led_flashing();
..\Src\motor_control.h(95): warning:  #1295-D: Deprecated declaration motor_led_on - give arg types
  void motor_led_on();
..\Src\motor_control.h(96): warning:  #1295-D: Deprecated declaration motor_led_off - give arg types
  void motor_led_off();
..\Src\motor_control.h(99): warning:  #1295-D: Deprecated declaration sys_led_flashing - give arg types
  void sys_led_flashing();
..\Src\tim.c: 13 warnings, 0 errors
compiling motor_control.c...
..\Src\motor_control.h(81): warning:  #1295-D: Deprecated declaration motor_stop - give arg types
  void motor_stop();
..\Src\motor_control.h(82): warning:  #1295-D: Deprecated declaration motor_pulse_run_fore - give arg types
  void motor_pulse_run_fore();
..\Src\motor_control.h(83): warning:  #1295-D: Deprecated declaration motor_pulse_run_back - give arg types
  void motor_pulse_run_back();
..\Src\motor_control.h(87): warning:  #1295-D: Deprecated declaration motor_speed_up - give arg types
  void motor_speed_up();
..\Src\motor_control.h(88): warning:  #1295-D: Deprecated declaration motor_speed_down - give arg types
  void motor_speed_down();
..\Src\motor_control.h(89): warning:  #1295-D: Deprecated declaration motor_change_dir - give arg types
  void motor_change_dir();
..\Src\motor_control.h(90): warning:  #1295-D: Deprecated declaration motor_init - give arg types
  void motor_init();
..\Src\motor_control.h(91): warning:  #1295-D: Deprecated declaration motor_step_counter_reset - give arg types
  void motor_step_counter_reset();
..\Src\motor_control.h(92): warning:  #1295-D: Deprecated declaration motor_update - give arg types
  void motor_update();
..\Src\motor_control.h(94): warning:  #1295-D: Deprecated declaration motor_led_flashing - give arg types
  void motor_led_flashing();
..\Src\motor_control.h(95): warning:  #1295-D: Deprecated declaration motor_led_on - give arg types
  void motor_led_on();
..\Src\motor_control.h(96): warning:  #1295-D: Deprecated declaration motor_led_off - give arg types
  void motor_led_off();
..\Src\motor_control.h(99): warning:  #1295-D: Deprecated declaration sys_led_flashing - give arg types
  void sys_led_flashing();
..\Src\wifi.h(44): warning:  #1295-D: Deprecated declaration wifi_led_on - give arg types
  void wifi_led_on();
..\Src\wifi.h(45): warning:  #1295-D: Deprecated declaration wifi_led_off - give arg types
  void wifi_led_off();
..\Src\wifi.h(46): warning:  #1295-D: Deprecated declaration wifi_led_flashing - give arg types
  void wifi_led_flashing();
..\Src\wifi.h(47): warning:  #1295-D: Deprecated declaration wifi_led_flashing_slow - give arg types
  void wifi_led_flashing_slow();
..\Src\wifi.h(48): warning:  #1295-D: Deprecated declaration wifi_led_flashing_fast - give arg types
  void wifi_led_flashing_fast();
..\Src\motor_control.c(239): warning:  #188-D: enumerated type mixed with another type
  						my_motor.state = char_to_dec(USART_RX_BUF[
IFI_DATA_OFFSET+2]);      /* stop-0; fore_run-1; back_run-2 */
..\Src\motor_control.c(181): warning:  #550-D: variable "farme_p" was set but never used
  	u8 *farme_p;
..\Src\motor_control.c(182): warning:  #550-D: variable "is_wifi_data" was set but never used
  	u8 is_wifi_data;
..\Src\motor_control.c(187): warning:  #177-D: variable "time_count" was declared but never referenced
  	static u8 time_count = 0;
..\Src\motor_control.c: 22 warnings, 0 errors
linking...
Program Size: Code=12212 RO-data=308 RW-data=80 ZI-data=12236  
FromELF: creating hex file...
"wireless_motor Configuration\wireless_motor Configuration.axf" - 0 Error(s), 66 Warning(s).

<h2>Collection of Component include folders:</h2>
  D:\Weiyun\Archive - wireless_motor - honghui\01 Code\wireless_motor_2019.4.20_v3.2\wireless_motor\wireless_motor\MDK-ARM\RTE
  C:\Keil_v5\ARM\PACK\Keil\STM32F1xx_DFP\2.3.0\Device\Include

<h2>Collection of Component Files used:</h2>
Build Time Elapsed:  00:00:17
</pre>
</body>
</html>
